// Jest Snapshot v1, https://goo.gl/fbAQLP

exports[`BasicInfo Matches snapshot 1`] = `undefined`;
