// Jest Snapshot v1, https://goo.gl/fbAQLP

exports[`ExperienceAdded Shallow Matches snapshot 1`] = `
ShallowWrapper {
  "length": 1,
  Symbol(enzyme.__root__): [Circular],
  Symbol(enzyme.__unrendered__): <ExperienceAdded
    deleteExperience={[MockFunction]}
    employer="Oracle"
    fromMonth="sep"
    fromYear="2017"
    jobTitle="Software Engineer"
    location="Cambridge, MA"
    toMonth="sep"
    toYear="2018"
  />,
  Symbol(enzyme.__renderer__): Object {
    "batchedUpdates": [Function],
    "getNode": [Function],
    "render": [Function],
    "simulateEvent": [Function],
    "unmount": [Function],
  },
  Symbol(enzyme.__node__): Object {
    "instance": null,
    "key": undefined,
    "nodeType": "host",
    "props": Object {
      "children": Array [
        <div
          className="selected-education"
        >
          <WithStyles(IconButton)
            aria-label="Delete"
            className="nabi-float-right"
            onClick={[Function]}
          >
            <pure(Delete) />
          </WithStyles(IconButton)>
          <WithStyles(Typography)
            className="nabi-margin-top-small"
            variant="body2"
          >
            SOFTWARE ENGINEER
          </WithStyles(Typography)>
          <WithStyles(Typography)
            className=""
          >
            Oracle
          </WithStyles(Typography)>
          <WithStyles(Typography)
            className=""
          >
            Sep, 2017 - Sep, 2018
          </WithStyles(Typography)>
          <WithStyles(Typography)
            className=""
          >
            Cambridge, MA
          </WithStyles(Typography)>
        </div>,
        <WithStyles(Divider)
          className="nabi-margin-top-small"
        />,
      ],
    },
    "ref": null,
    "rendered": Array [
      Object {
        "instance": null,
        "key": undefined,
        "nodeType": "host",
        "props": Object {
          "children": Array [
            <WithStyles(IconButton)
              aria-label="Delete"
              className="nabi-float-right"
              onClick={[Function]}
            >
              <pure(Delete) />
            </WithStyles(IconButton)>,
            <WithStyles(Typography)
              className="nabi-margin-top-small"
              variant="body2"
            >
              SOFTWARE ENGINEER
            </WithStyles(Typography)>,
            <WithStyles(Typography)
              className=""
            >
              Oracle
            </WithStyles(Typography)>,
            <WithStyles(Typography)
              className=""
            >
              Sep, 2017 - Sep, 2018
            </WithStyles(Typography)>,
            <WithStyles(Typography)
              className=""
            >
              Cambridge, MA
            </WithStyles(Typography)>,
          ],
          "className": "selected-education",
        },
        "ref": null,
        "rendered": Array [
          Object {
            "instance": null,
            "key": undefined,
            "nodeType": "class",
            "props": Object {
              "aria-label": "Delete",
              "children": <pure(Delete) />,
              "className": "nabi-float-right",
              "onClick": [Function],
            },
            "ref": null,
            "rendered": Object {
              "instance": null,
              "key": undefined,
              "nodeType": "class",
              "props": Object {},
              "ref": null,
              "rendered": null,
              "type": [Function],
            },
            "type": [Function],
          },
          Object {
            "instance": null,
            "key": undefined,
            "nodeType": "class",
            "props": Object {
              "children": "SOFTWARE ENGINEER",
              "className": "nabi-margin-top-small",
              "variant": "body2",
            },
            "ref": null,
            "rendered": "SOFTWARE ENGINEER",
            "type": [Function],
          },
          Object {
            "instance": null,
            "key": undefined,
            "nodeType": "class",
            "props": Object {
              "children": "Oracle",
              "className": "",
            },
            "ref": null,
            "rendered": "Oracle",
            "type": [Function],
          },
          Object {
            "instance": null,
            "key": undefined,
            "nodeType": "class",
            "props": Object {
              "children": "Sep, 2017 - Sep, 2018",
              "className": "",
            },
            "ref": null,
            "rendered": "Sep, 2017 - Sep, 2018",
            "type": [Function],
          },
          Object {
            "instance": null,
            "key": undefined,
            "nodeType": "class",
            "props": Object {
              "children": "Cambridge, MA",
              "className": "",
            },
            "ref": null,
            "rendered": "Cambridge, MA",
            "type": [Function],
          },
        ],
        "type": "div",
      },
      Object {
        "instance": null,
        "key": undefined,
        "nodeType": "class",
        "props": Object {
          "className": "nabi-margin-top-small",
        },
        "ref": null,
        "rendered": null,
        "type": [Function],
      },
    ],
    "type": "div",
  },
  Symbol(enzyme.__nodes__): Array [
    Object {
      "instance": null,
      "key": undefined,
      "nodeType": "host",
      "props": Object {
        "children": Array [
          <div
            className="selected-education"
          >
            <WithStyles(IconButton)
              aria-label="Delete"
              className="nabi-float-right"
              onClick={[Function]}
            >
              <pure(Delete) />
            </WithStyles(IconButton)>
            <WithStyles(Typography)
              className="nabi-margin-top-small"
              variant="body2"
            >
              SOFTWARE ENGINEER
            </WithStyles(Typography)>
            <WithStyles(Typography)
              className=""
            >
              Oracle
            </WithStyles(Typography)>
            <WithStyles(Typography)
              className=""
            >
              Sep, 2017 - Sep, 2018
            </WithStyles(Typography)>
            <WithStyles(Typography)
              className=""
            >
              Cambridge, MA
            </WithStyles(Typography)>
          </div>,
          <WithStyles(Divider)
            className="nabi-margin-top-small"
          />,
        ],
      },
      "ref": null,
      "rendered": Array [
        Object {
          "instance": null,
          "key": undefined,
          "nodeType": "host",
          "props": Object {
            "children": Array [
              <WithStyles(IconButton)
                aria-label="Delete"
                className="nabi-float-right"
                onClick={[Function]}
              >
                <pure(Delete) />
              </WithStyles(IconButton)>,
              <WithStyles(Typography)
                className="nabi-margin-top-small"
                variant="body2"
              >
                SOFTWARE ENGINEER
              </WithStyles(Typography)>,
              <WithStyles(Typography)
                className=""
              >
                Oracle
              </WithStyles(Typography)>,
              <WithStyles(Typography)
                className=""
              >
                Sep, 2017 - Sep, 2018
              </WithStyles(Typography)>,
              <WithStyles(Typography)
                className=""
              >
                Cambridge, MA
              </WithStyles(Typography)>,
            ],
            "className": "selected-education",
          },
          "ref": null,
          "rendered": Array [
            Object {
              "instance": null,
              "key": undefined,
              "nodeType": "class",
              "props": Object {
                "aria-label": "Delete",
                "children": <pure(Delete) />,
                "className": "nabi-float-right",
                "onClick": [Function],
              },
              "ref": null,
              "rendered": Object {
                "instance": null,
                "key": undefined,
                "nodeType": "class",
                "props": Object {},
                "ref": null,
                "rendered": null,
                "type": [Function],
              },
              "type": [Function],
            },
            Object {
              "instance": null,
              "key": undefined,
              "nodeType": "class",
              "props": Object {
                "children": "SOFTWARE ENGINEER",
                "className": "nabi-margin-top-small",
                "variant": "body2",
              },
              "ref": null,
              "rendered": "SOFTWARE ENGINEER",
              "type": [Function],
            },
            Object {
              "instance": null,
              "key": undefined,
              "nodeType": "class",
              "props": Object {
                "children": "Oracle",
                "className": "",
              },
              "ref": null,
              "rendered": "Oracle",
              "type": [Function],
            },
            Object {
              "instance": null,
              "key": undefined,
              "nodeType": "class",
              "props": Object {
                "children": "Sep, 2017 - Sep, 2018",
                "className": "",
              },
              "ref": null,
              "rendered": "Sep, 2017 - Sep, 2018",
              "type": [Function],
            },
            Object {
              "instance": null,
              "key": undefined,
              "nodeType": "class",
              "props": Object {
                "children": "Cambridge, MA",
                "className": "",
              },
              "ref": null,
              "rendered": "Cambridge, MA",
              "type": [Function],
            },
          ],
          "type": "div",
        },
        Object {
          "instance": null,
          "key": undefined,
          "nodeType": "class",
          "props": Object {
            "className": "nabi-margin-top-small",
          },
          "ref": null,
          "rendered": null,
          "type": [Function],
        },
      ],
      "type": "div",
    },
  ],
  Symbol(enzyme.__options__): Object {
    "adapter": ReactSixteenAdapter {
      "options": Object {
        "enableComponentDidUpdateOnSetState": true,
      },
    },
  },
}
`;
