// Jest Snapshot v1, https://goo.gl/fbAQLP

exports[`Qualifications Shallow Matches snapshot 1`] = `
ShallowWrapper {
  "length": 1,
  Symbol(enzyme.__root__): [Circular],
  Symbol(enzyme.__unrendered__): <Qualifications
    updateInstructor={[MockFunction]}
    updateUser={[MockFunction]}
    userId=""
  />,
  Symbol(enzyme.__renderer__): Object {
    "batchedUpdates": [Function],
    "getNode": [Function],
    "render": [Function],
    "simulateEvent": [Function],
    "unmount": [Function],
  },
  Symbol(enzyme.__node__): Object {
    "instance": null,
    "key": undefined,
    "nodeType": "host",
    "props": Object {
      "children": <QualificationsFields
        add={false}
        aspergerSyndrome={false}
        autism={false}
        depression={false}
        diabetes={false}
        downSyndrome={false}
        epilepsy={false}
        handleChangeQualifications={[Function]}
        musicTherapy={false}
        ocd={false}
        visualImpairment={false}
      />,
    },
    "ref": null,
    "rendered": Object {
      "instance": null,
      "key": undefined,
      "nodeType": "function",
      "props": Object {
        "add": false,
        "aspergerSyndrome": false,
        "autism": false,
        "depression": false,
        "diabetes": false,
        "downSyndrome": false,
        "epilepsy": false,
        "handleChangeQualifications": [Function],
        "musicTherapy": false,
        "ocd": false,
        "visualImpairment": false,
      },
      "ref": null,
      "rendered": null,
      "type": [Function],
    },
    "type": "div",
  },
  Symbol(enzyme.__nodes__): Array [
    Object {
      "instance": null,
      "key": undefined,
      "nodeType": "host",
      "props": Object {
        "children": <QualificationsFields
          add={false}
          aspergerSyndrome={false}
          autism={false}
          depression={false}
          diabetes={false}
          downSyndrome={false}
          epilepsy={false}
          handleChangeQualifications={[Function]}
          musicTherapy={false}
          ocd={false}
          visualImpairment={false}
        />,
      },
      "ref": null,
      "rendered": Object {
        "instance": null,
        "key": undefined,
        "nodeType": "function",
        "props": Object {
          "add": false,
          "aspergerSyndrome": false,
          "autism": false,
          "depression": false,
          "diabetes": false,
          "downSyndrome": false,
          "epilepsy": false,
          "handleChangeQualifications": [Function],
          "musicTherapy": false,
          "ocd": false,
          "visualImpairment": false,
        },
        "ref": null,
        "rendered": null,
        "type": [Function],
      },
      "type": "div",
    },
  ],
  Symbol(enzyme.__options__): Object {
    "adapter": ReactSixteenAdapter {
      "options": Object {
        "enableComponentDidUpdateOnSetState": true,
      },
    },
  },
}
`;
