// Jest Snapshot v1, https://goo.gl/fbAQLP

exports[`SelectedInstrument Shallow Matches snapshot 1`] = `
ShallowWrapper {
  "length": 1,
  Symbol(enzyme.__root__): [Circular],
  Symbol(enzyme.__unrendered__): <SelectedInstrument
    deleteInstrument={[MockFunction]}
    instrument=""
    skillLevel=""
  />,
  Symbol(enzyme.__renderer__): Object {
    "batchedUpdates": [Function],
    "getNode": [Function],
    "render": [Function],
    "simulateEvent": [Function],
    "unmount": [Function],
  },
  Symbol(enzyme.__node__): Object {
    "instance": null,
    "key": undefined,
    "nodeType": "host",
    "props": Object {
      "children": <WithStyles(ListItem)>
        <WithStyles(ListItemText)
          primary="-  ()"
        />
        <WithStyles(ListItemSecondaryAction)>
          <WithStyles(IconButton)
            aria-label="Delete"
            onClick={[Function]}
          >
            <pure(Delete) />
          </WithStyles(IconButton)>
        </WithStyles(ListItemSecondaryAction)>
      </WithStyles(ListItem)>,
      "className": "selected-instruments",
    },
    "ref": null,
    "rendered": Object {
      "instance": null,
      "key": undefined,
      "nodeType": "class",
      "props": Object {
        "children": Array [
          <WithStyles(ListItemText)
            primary="-  ()"
          />,
          <WithStyles(ListItemSecondaryAction)>
            <WithStyles(IconButton)
              aria-label="Delete"
              onClick={[Function]}
            >
              <pure(Delete) />
            </WithStyles(IconButton)>
          </WithStyles(ListItemSecondaryAction)>,
        ],
      },
      "ref": null,
      "rendered": Array [
        Object {
          "instance": null,
          "key": undefined,
          "nodeType": "class",
          "props": Object {
            "primary": "-  ()",
          },
          "ref": null,
          "rendered": null,
          "type": [Function],
        },
        Object {
          "instance": null,
          "key": undefined,
          "nodeType": "class",
          "props": Object {
            "children": <WithStyles(IconButton)
              aria-label="Delete"
              onClick={[Function]}
            >
              <pure(Delete) />
            </WithStyles(IconButton)>,
          },
          "ref": null,
          "rendered": Object {
            "instance": null,
            "key": undefined,
            "nodeType": "class",
            "props": Object {
              "aria-label": "Delete",
              "children": <pure(Delete) />,
              "onClick": [Function],
            },
            "ref": null,
            "rendered": Object {
              "instance": null,
              "key": undefined,
              "nodeType": "class",
              "props": Object {},
              "ref": null,
              "rendered": null,
              "type": [Function],
            },
            "type": [Function],
          },
          "type": [Function],
        },
      ],
      "type": [Function],
    },
    "type": "div",
  },
  Symbol(enzyme.__nodes__): Array [
    Object {
      "instance": null,
      "key": undefined,
      "nodeType": "host",
      "props": Object {
        "children": <WithStyles(ListItem)>
          <WithStyles(ListItemText)
            primary="-  ()"
          />
          <WithStyles(ListItemSecondaryAction)>
            <WithStyles(IconButton)
              aria-label="Delete"
              onClick={[Function]}
            >
              <pure(Delete) />
            </WithStyles(IconButton)>
          </WithStyles(ListItemSecondaryAction)>
        </WithStyles(ListItem)>,
        "className": "selected-instruments",
      },
      "ref": null,
      "rendered": Object {
        "instance": null,
        "key": undefined,
        "nodeType": "class",
        "props": Object {
          "children": Array [
            <WithStyles(ListItemText)
              primary="-  ()"
            />,
            <WithStyles(ListItemSecondaryAction)>
              <WithStyles(IconButton)
                aria-label="Delete"
                onClick={[Function]}
              >
                <pure(Delete) />
              </WithStyles(IconButton)>
            </WithStyles(ListItemSecondaryAction)>,
          ],
        },
        "ref": null,
        "rendered": Array [
          Object {
            "instance": null,
            "key": undefined,
            "nodeType": "class",
            "props": Object {
              "primary": "-  ()",
            },
            "ref": null,
            "rendered": null,
            "type": [Function],
          },
          Object {
            "instance": null,
            "key": undefined,
            "nodeType": "class",
            "props": Object {
              "children": <WithStyles(IconButton)
                aria-label="Delete"
                onClick={[Function]}
              >
                <pure(Delete) />
              </WithStyles(IconButton)>,
            },
            "ref": null,
            "rendered": Object {
              "instance": null,
              "key": undefined,
              "nodeType": "class",
              "props": Object {
                "aria-label": "Delete",
                "children": <pure(Delete) />,
                "onClick": [Function],
              },
              "ref": null,
              "rendered": Object {
                "instance": null,
                "key": undefined,
                "nodeType": "class",
                "props": Object {},
                "ref": null,
                "rendered": null,
                "type": [Function],
              },
              "type": [Function],
            },
            "type": [Function],
          },
        ],
        "type": [Function],
      },
      "type": "div",
    },
  ],
  Symbol(enzyme.__options__): Object {
    "adapter": ReactSixteenAdapter {
      "options": Object {
        "enableComponentDidUpdateOnSetState": true,
      },
    },
  },
}
`;
