// Jest Snapshot v1, https://goo.gl/fbAQLP

exports[`BasicInfo Matches snapshot 1`] = `
ShallowWrapper {
  "length": 1,
  Symbol(enzyme.__root__): [Circular],
  Symbol(enzyme.__unrendered__): <BasicInfo
    changeAvatar={[MockFunction]}
    dispatch={undefined}
    user={
      Object {
        "email": "oreo",
        "firstName": "foo",
        "hearAboutUs": "",
        "id": "",
        "lastName": "bar",
        "password": "",
        "role": "instructor",
        "zipCode": "",
      }
    }
  />,
  Symbol(enzyme.__renderer__): Object {
    "batchedUpdates": [Function],
    "getNode": [Function],
    "render": [Function],
    "simulateEvent": [Function],
    "unmount": [Function],
  },
  Symbol(enzyme.__node__): Object {
    "instance": null,
    "key": undefined,
    "nodeType": "host",
    "props": Object {
      "children": Array [
        <ImageUploader
          imageChanged={[Function]}
        />,
        <NameLocationBio
          blurBio={[Function]}
          changeBio={[Function]}
          firstName="foo"
          lastName="bar"
          zipCode=""
        />,
      ],
    },
    "ref": null,
    "rendered": Array [
      Object {
        "instance": null,
        "key": undefined,
        "nodeType": "function",
        "props": Object {
          "imageChanged": [Function],
        },
        "ref": null,
        "rendered": null,
        "type": [Function],
      },
      Object {
        "instance": null,
        "key": undefined,
        "nodeType": "class",
        "props": Object {
          "blurBio": [Function],
          "changeBio": [Function],
          "firstName": "foo",
          "lastName": "bar",
          "zipCode": "",
        },
        "ref": null,
        "rendered": null,
        "type": [Function],
      },
    ],
    "type": "div",
  },
  Symbol(enzyme.__nodes__): Array [
    Object {
      "instance": null,
      "key": undefined,
      "nodeType": "host",
      "props": Object {
        "children": Array [
          <ImageUploader
            imageChanged={[Function]}
          />,
          <NameLocationBio
            blurBio={[Function]}
            changeBio={[Function]}
            firstName="foo"
            lastName="bar"
            zipCode=""
          />,
        ],
      },
      "ref": null,
      "rendered": Array [
        Object {
          "instance": null,
          "key": undefined,
          "nodeType": "function",
          "props": Object {
            "imageChanged": [Function],
          },
          "ref": null,
          "rendered": null,
          "type": [Function],
        },
        Object {
          "instance": null,
          "key": undefined,
          "nodeType": "class",
          "props": Object {
            "blurBio": [Function],
            "changeBio": [Function],
            "firstName": "foo",
            "lastName": "bar",
            "zipCode": "",
          },
          "ref": null,
          "rendered": null,
          "type": [Function],
        },
      ],
      "type": "div",
    },
  ],
  Symbol(enzyme.__options__): Object {
    "adapter": ReactSixteenAdapter {
      "options": Object {
        "enableComponentDidUpdateOnSetState": true,
      },
    },
  },
}
`;
