// Jest Snapshot v1, https://goo.gl/fbAQLP

exports[`Registration Matches snapshot 1`] = `
ShallowWrapper {
  "length": 1,
  Symbol(enzyme.__root__): [Circular],
  Symbol(enzyme.__unrendered__): <Registration
    createInstructor={[MockFunction]}
    createUser={[MockFunction]}
  />,
  Symbol(enzyme.__renderer__): Object {
    "batchedUpdates": [Function],
    "getNode": [Function],
    "render": [Function],
    "simulateEvent": [Function],
    "unmount": [Function],
  },
  Symbol(enzyme.__node__): Object {
    "instance": null,
    "key": undefined,
    "nodeType": "host",
    "props": Object {
      "children": Array [
        <PageTitle
          pageTitle="REGISTRATION"
        />,
        <div
          className="nabi-background-white nabi-section"
        >
          <RegistrationForm
            handleChange={[Function]}
            handleSubmit={[Function]}
            hearAboutUs=""
            selectedRole="student"
          />
        </div>,
        false,
      ],
      "className": "nabi-container",
    },
    "ref": null,
    "rendered": Array [
      Object {
        "instance": null,
        "key": undefined,
        "nodeType": "function",
        "props": Object {
          "pageTitle": "REGISTRATION",
        },
        "ref": null,
        "rendered": null,
        "type": [Function],
      },
      Object {
        "instance": null,
        "key": undefined,
        "nodeType": "host",
        "props": Object {
          "children": <RegistrationForm
            handleChange={[Function]}
            handleSubmit={[Function]}
            hearAboutUs=""
            selectedRole="student"
          />,
          "className": "nabi-background-white nabi-section",
        },
        "ref": null,
        "rendered": Object {
          "instance": null,
          "key": undefined,
          "nodeType": "function",
          "props": Object {
            "handleChange": [Function],
            "handleSubmit": [Function],
            "hearAboutUs": "",
            "selectedRole": "student",
          },
          "ref": null,
          "rendered": null,
          "type": [Function],
        },
        "type": "div",
      },
      false,
    ],
    "type": "div",
  },
  Symbol(enzyme.__nodes__): Array [
    Object {
      "instance": null,
      "key": undefined,
      "nodeType": "host",
      "props": Object {
        "children": Array [
          <PageTitle
            pageTitle="REGISTRATION"
          />,
          <div
            className="nabi-background-white nabi-section"
          >
            <RegistrationForm
              handleChange={[Function]}
              handleSubmit={[Function]}
              hearAboutUs=""
              selectedRole="student"
            />
          </div>,
          false,
        ],
        "className": "nabi-container",
      },
      "ref": null,
      "rendered": Array [
        Object {
          "instance": null,
          "key": undefined,
          "nodeType": "function",
          "props": Object {
            "pageTitle": "REGISTRATION",
          },
          "ref": null,
          "rendered": null,
          "type": [Function],
        },
        Object {
          "instance": null,
          "key": undefined,
          "nodeType": "host",
          "props": Object {
            "children": <RegistrationForm
              handleChange={[Function]}
              handleSubmit={[Function]}
              hearAboutUs=""
              selectedRole="student"
            />,
            "className": "nabi-background-white nabi-section",
          },
          "ref": null,
          "rendered": Object {
            "instance": null,
            "key": undefined,
            "nodeType": "function",
            "props": Object {
              "handleChange": [Function],
              "handleSubmit": [Function],
              "hearAboutUs": "",
              "selectedRole": "student",
            },
            "ref": null,
            "rendered": null,
            "type": [Function],
          },
          "type": "div",
        },
        false,
      ],
      "type": "div",
    },
  ],
  Symbol(enzyme.__options__): Object {
    "adapter": ReactSixteenAdapter {
      "options": Object {
        "enableComponentDidUpdateOnSetState": true,
      },
    },
  },
}
`;
